[    0.000000] Linux version 4.15.0-58-generic (buildd@lcy01-amd64-013) (gcc version 7.4.0 (Ubutu 7.4.0-1ubuntu1~18.04.1)) #64-Ubuntu SMP Tue Aug 6 11:12:41 UTC 2019 (Ubuntu 4.15.0-58.64-generic 4.15.18)
[    0.00000] Command line: BOOT_IMAGE=/boot/vmlinuz-4.15.0-58-generic root=UUID807890f-c606-44e0-b080-5bb3d79d7edc ro console=tty1 console=ttyS0
[    0.000000] KERNEL supported cpus:
[    0.000000]   Intel GenuineIntel
[    0.000000]   AMD AuenticAMD
[    0.000000]   Centaur CentaurHauls
[    0.000000] x86/fpu: Supporting XSAVE feaure 0x001: 'x87 floating point registers'
[    0.000000] x86/fpu: Suporing XSAVE feature 0x002: 'SSE registers'
[    0.000000] x86/fpu: Supporting XSAVE feature 0x004: 'AVX registers'
[    0.000000] x86/fpu: xstate_offset[2]:  576, xstate_sizes[2]:  256
[    0.000000] x86/fpu: Enabled xstate features 0x7, context size is 832 bytes, using 'standard' format.
[    0.000000] e820: BIOS-provided physical RAM map:
[    0.000000] BIOS-e820: [mem 0x0000000000000000-0x000000000009fbff] usable
[    0.000000] BIOS-e820: [mem 0x000000000009fc00-0x000000000009ffff] reserve
    0.000000] BIOS-e820: [mem 0x00000000000f0000-0x00000000000fffff] reserved
[    0.000000] BIOS-e820: [mem 0x0000000000100000-0x000000003ffeffff]usbl
[    0.000000] BIOS-e820: [mem 0x000000003fff0000-0x000000003fffffff] ACPI data
[    0.000000] BIOS-e820: [mem 0x00000000fec00000-0x00000000fec00fff] reserved
[    0.000000] BIOS-e820: [mem 0x00000000fee00000-0x00000000fee00fff] reserved
[    0.000000] BIOS-e820: [mem 0x00000000fffc0000-0x00000000ffffffff] reserved
[    0.000000] NX (Execute Disable) protection: active
[    0.000000SMBIOS 2.5 present.
[    0.000000] DMI: innotek GmbH VirtualBox/VirtualBox, BIOS VirtualBox 12/01/2006
[    0.000000] Hypervisor detected: KVM
[    0.000000] 82: last_pfn = 0x3fff0 max_arch_pfn = 0x400000000
[    0.000000] MTRR: Disabled
[    0.000000] x86PAT: MTRRs disabled, skipping PAT initialization too.
[  0.000000] CPU MTRRs all blank - virtualized system.
[    0.000000] x86/PAT: Configuration [0-7]: WB  WT  UC-   WB  WT  UC- UC  
[   .000000] found SMP MP-table at [mem 0x0009fff0-0x0009ffff] mapped at [        (ptrval)]
[    0.000000] Scanning 1 areas for low memory corruption
[    0.000000] RAMDISK: [mem 0x35985000-0x36cb9fff]
[    0.000000] ACPI: Early table checksum verificcation disabled
[    0.000000] ACPI: RSDP 0x00000000000E0000 000024 (v02 VBOX  
[   0.00000 ACPI: XSDT 0x000000003FFF0030 00003C (v01 VBOX   VBOXXSDT 0000001 SL  00000061)
[    0.000000] ACPI: FACP 0x000000003FF00F0 0000F4 (v04 VBOX   VBOXFACP 00000001 ASL  00000061)
[    0.000000] ACPII: DSDT 0x000000003FFF0470 0021FF (v02 VBOX   VBOXBIOS 00000002 INTL 20100528)
[    0.000000] ACPI: FACS 0x000000003FFF0200 000040
[    0.000000] ACPI: FACS 0x000000003FFF0200 000040
[    0.000000] ACPI: APIC 0x000000003FFF0240 00005C (v02 VBOX   VBOXAPIC 00000001 ASL  00000061)
[    0.000000] ACPI: SSDT 0x000000003FFF02A0 0001CC (v01 VBX  VBOXCPU0000002 NT 2010028)
[    0.000000] No NUMA configuration found
[    0.000000] Faking a node at [mem 0x0000000000000000-0x000000003ffeffff]
[    0.000000] NODE_DATA(0) allocated [mem 0x3ffc5000-0x3ffeffff]
[    0.000000] kvm-clock: cpu 0, msr 0:3ff44001, primary cpu clock
[    0.000000] kvm-clock: Using msrs 4b564d01 and 4b564d00
[    0.000000] kvm-clock: using sched offset of 4680975506 cycles
[    0.000000] clocksource: kvm-clock: mask: 0xffffffffffffffff max_cycles: 0x1cd42e4dffb, max_idle_ns: 881590591483 ns
[    0.000000] Zone ranges:
[    0.000000]   DMA      [mem 0x0000000000001000-0x000000000ffffff]
[    0.000000]   DMA32    [mem 0x0000000001000000-0x000000003ffeffff]
[    0.000000]   Normal   empty
[    0000000]   Device   empty
[    .00000] Movable zone start for each node
[  0.000000]Early mory node ranges    0.000000  node   0 [me 0x00000000000000-0x000000000009efff]
[    0.000000]   node   0: [mem 0x0000000000100000-0x000000003ffeffff]
[    0.000000] Reserved but unavilable 98 pages
[    0.000000] Initmem setup node 0 [mem 0x0000000000001000-0x000000003ffeffff]
[    0.000000] ACPI: PM-Timer IO Port: 0x4008
[    0.000000] IOAPIC[0]: apicid 2, version 32, address 0xfec00000, GSI 023
[   0.000000]ACPI INT_SRC_OV(bus0 bus_irq 0 global_irq 2 dflfl)
[    .000000] ACPI IT_SRCOVR (bus 0bus_irq 9 global_rq 9 low level)
[    0.000000] Using ACPI (MADT) for SMP configuration information
[    0.000000] smpboot: Allowing 2 CPUs 0 hotplug CPUs
[    0.000000] PM: Registered nosave memory: [mem 0x00000000-0x00000fff]
[    0.000000] PM: Rgistered nosave memory: [mem0x0009f000-0x0009ffff]
[    0.000000] PM: Registered nosave memory: [mem 0x000a0000-0x000effff]
[    0.000000] PM: Registered nosavememory: [mem 0x000f0000-0x000fffff]
    0000000] e820: [m 0x40000000-0xfebfffff] available for PCI devices
[    000000Booting paraviralized kernel on KM
[   0000000] clocksource: refined-jiffies: mask: 0xfffffff max_cycles: 0xffffffff, max_idle_ns: 7645519600211568 ns
[    0.000000] random: get_random_bytes called from start_kernel+0x99/0x4fd with crng_init=0
[    0.000000] setup_percpu: NR_CPUS:8192 nr_cpumask_bits:2 nr_cpu_ids:2 nr_node_ids:1
[    0.000000] percpu: Embedded 46 pages/cpu @        (ptrval) s151552 r8192 28672 u1048576
[    0.00000 P qspinlock hash table entrie 256 (order: 0, 496bytes)
[    0.00000] Built 1 zonelist, obility gouing on.  Total page: 257913
[    0.000000] Policy zone: DMA32
[    0.000000] Kernel commandline: BOOTIMGE=/bootmlnuz-4.15.0-58-generic root=UUID=5807890f-c606-44e0-b080-5bb3d79d7edc ro console=tty1 console=ttyS0
[    0.000000] Meory: 982928K/1048120K available (12300K kernel code, 2478K rwdata, 4280K rodata, 2424K init, 2384K bss, 65192K reserved, 0K cma-reserved)
[    0.000000] SLUB: HWalign=64, Order=0-3, MinObjects=0, CPUs=2, Nodes=1
[    0.000000] Kernel/User page tables isolation: enabled
[    0.000000] ftrace: allocating 39243 entries in 154 pages
[    0.004000] Hierarchical RCU implementation.
[    0.004000]	RU restrictig CPU from NR_CPUS=8192 to nr_cpu_ids=2.
[    0.004000] 	Tasks RCU enabled.
[    0.004000] RCU: Adjusting geometry for rcu_fanout_leaf=16, nr_cpu_ids=2
[    0.004000] NR_IR: 524544, nrirqs: 440preallocated irqs: 16
[    0.004000] Console: colour VGA+ 80x25
[    0.004000] console [tty1] enabled
[    0.004000] cnsole [ttyS0] enabled
[   0.0000] ACPI: Core reviion 20170831[   0.0400]ACPI: 2 ACPI AML tablesucessfully acquired and loaded
[    0.0400] PIC: Switch to symmetric I/O mode setup
[    0.004242] x2apic enabled
[    0.005213] Switched APIC routing to physical x2apic.
[    0.008754] ..TIMER: vector=0x30 apic1=0 pin1=2 apic2=-1 pin2=-1
[    0.012006] tsc: Detected 1608.000 MHz processor
[    0.016014] Calibrating delay loop (skipped) preset value.. 3216.00 BogoMIPS (lpj=6432000)
[    0.020009] pid_max: default: 32768 minimum: 301
[    0.024047] Security Framework initialized
[    0.028004] Yama: becoming mindful.
[    0.032042] AppArmor: AppArmor initialized
[    0.036169] Dentry cache hash table entries: 131072 (order: 8, 1048576 bytes)
[    0.040079] Inode-cache hash table entries: 65536 (order: 7, 524288 bytes)
[    0.044031] Mount-cache hash table entries: 2048 (order: 2, 16384 bytes)
[    0.048013] Mountpoint-cache hash table entries: 2048 (order: 2, 16384 bytes)
[    0.052235] mce: CPU supports 0 MCE banks
[    0.056024] Last level iTLB entries: 4KB 64, 2MB 8, 4MB 8
[    0.060008] Last level dTLB entries: 4KB 64, 2MB 0, 4MB 0, 1GB 4
[    0.064007] Spectre V1 : Mitigation: usercopy/swapgs barriers and __user pointer sanitization
[    0.068003] Spectre V2 : Mitigation: Full generic retpoline
[    0.069539] Spectre V2 : Spectre v2 / SpectreRSB mitigation: Filling RSB on context switch
[    0.072004] Speculative Store Bypass: Vulnerable
[    0.076050] MDS: Vulnerable: Clear CPU buffers attempted, no microcode
[    0.080090] Freeing SMP alternatives memory: 36K
[    0.088000] smpboot: CPU0: Intel(R) Core(TM) i5-8210Y CPU @ 1.60GHz (family: 0x6, model: 0x8e, stepping: 0x9)
[    0.088144] Performance Events: unsupported p6 CPU model 142 no PMU driver, software events only.
[    0.092050] Hierarchical SRCU implementation.
[    0.096952] NMI watchdog: Perf event create on CPU 0 failed with -2
[    0.100004] NMI watchdog: Perf NMI watchdog permanently disabled
[    0.102915] smp: Bringing up secondary CPUs ...
[    0.104122] x86: Booting SMP configuration:
[    0.108003] .... node  #0, CPUs:      #1
[    0.004000] kvm-clock: cpu 1, msr 0:3ff44041, secondary cpu clock
[    0.004000] mce: CPU supports 0 MCE banks
[    0.152028] smp: Brought up 1 node, 2 CPUs
[    0.156012] smpboot: Max logical packages: 1
[    0.160007] smpboot: Total of 2 processors activated (6432.00 BogoMIPS)
[    0.164163] devtmpfs: initialized
[    0.168088] x86/mm: Memory block size: 128MB
[    0.172185] evm: security.selinux
[    0.176011] evm: security.SMACK64
[    0.180006] evm: security.SMACK64EXEC
[    0.184007] evm: security.SMACK64TRANSMUTE
[    0.185228] evm: security.SMACK64MMAP
[    0.188009] evm: security.apparmor
[    0.192004] evm: security.ima
[    0.196006] evm: security.capability
[    0.200121] clocksource: jiffies: mask: 0xffffffff max_cycles: 0xffffffff, max_idle_ns: 7645041785100000 ns
[    0.204021] futex hash table entries: 512 (order: 3, 32768 bytes)
[    0.206337] pinctrl core: initialized pinctrl subsystem
[    0.209956] RTC time: 23:16:05, date: 08/27/19
[    0.212213] NET: Registered protocol family 16
[    0.213552] audit: initializing netlink subsys (disabled)
[    0.216123] audit: type=2000 audit(1566947766.906:1): state=initialized audit_enabled=0 res=1
[    0.256021] cpuidle: using governor ladder
[    0.260027] cpuidle: using governor menu
[    0.264066] ACPI: bus type PCI registered
[    0.268011] acpiphp: ACPI Hot Plug PCI Controller Driver version: 0.5
[    0.272142] PCI: Using configuration type 1 for base access
[    0.280049] HugeTLB registered 2.00 MiB page size, pre-allocated 0 pages
[    0.284128] ACPI: Added _OSI(Module Device)
[    0.312010] ACPI: Added _OSI(Processor Device)
[    0.328007] ACPI: Added _OSI(3.0 _SCP Extensions)
[    0.332026] ACPI: Added _OSI(Processor Aggregator Device)
[    0.348028] ACPI: Added _OSI(Linux-Dell-Video)
[    0.352124] ACPI: Added _OSI(Linux-Lenovo-NV-HDMI-Audio)
[    0.353965] ACPI: Added _OSI(Linux-HPI-Hybrid-Graphics)
[    0.356435] ACPI: Executed 1 blocks of module-level executable AML code
[    0.364745] ACPI: Interpreter enabled
[    0.368035] ACPI: (supports S0 S5)
[    0.369847] ACPI: Using IOAPIC for interrupt routing
[    0.372236] PCI: Using host bridge windows from ACPI; if necessary, use "pci=nocrs" and report a bug
[    0.376591] ACPI: Enabled 2 GPEs in block 00 to 07
[    0.395982] ACPI: PCI Root Bridge [PCI0] (domain 0000 [bus 00-ff])
[    0.396022] acpi PNP0A03:00: _OSC: OS supports [ASPM ClockPM Segments MSI]
[    0.400114] acpi PNP0A03:00: _OSC: not requesting OS control; OS requires [ExtendedConfig ASPM ClockPM MSI]
[    0.404032] acpi PNP0A03:00: fail to add MMCONFIG information, can't access extended PCI configuration space under this bridge.
[    0.408674] PCI host bridge to bus 0000:00
[    0.412015] pci_bus 0000:00: root bus resource [io  0x0000-0x0cf7 window]
[    0.415288] pci_bus 0000:00: root bus resource [io  0x0d00-0xffff window]
[    0.416013] pci_bus 0000:00: root bus resource [mem 0x000a0000-0x000bffff window]
[    0.420015] pci_bus 0000:00: root bus resource [mem 0x40000000-0xfdffffff window]
[    0.424012] pci_bus 0000:00: root bus resource [bus 00-ff]
[    0.437044] pci 0000:00:01.1: legacy IDE quirk: reg 0x10: [io  0x01f0-0x01f7]
[    0.440012] pci 0000:00:01.1: legacy IDE quirk: reg 0x14: [io  0x03f6]
[    0.444015] pci 0000:00:01.1: legacy IDE quirk: reg 0x18: [io  0x0170-0x0177]
[    0.448012] pci 0000:00:01.1: legacy IDE quirk: reg 0x1c: [io  0x0376]
[    0.483482] pci 0000:00:07.0: quirk: [io  0x4000-0x403f] claimed by PIIX4 ACPI
[    0.484081] pci 0000:00:07.0: quirk: [io  0x4100-0x410f] claimed by PIIX4 SMB
[    0.506473] ACPI: PCI Interrupt Link [LNKA] (IRQs 5 9 10 *11)
[    0.508427] ACPI: PCI Interrupt Link [LNKB] (IRQs 5 9 *10 11)
[    0.510470] ACPI: PCI Interrupt Link [LNKC] (IRQs 5 *9 10 11)
[    0.512173] ACPI: PCI Interrupt Link [LNKD] (IRQs 5 9 10 *11)
[    0.520439] SCSI subsystem initialized
[    0.524078] pci 0000:00:02.0: vgaarb: setting as boot VGA device
[    0.528000] pci 0000:00:02.0: vgaarb: VGA device added: decodes=io+mem,owns=io+mem,locks=none
[    0.528014] pci 0000:00:02.0: vgaarb: bridge control possible
[    0.529682] vgaarb: loaded
[    0.530884] ACPI: bus type USB registered
[    0.532052] usbcore: registered new interface driver usbfs
[    0.536035] usbcore: registered new interface driver hub
[    0.540049] usbcore: registered new device driver usb
[    0.548098] EDAC MC: Ver: 3.0.0
[    0.550620] PCI: Using ACPI for IRQ routing
[    0.552536] NetLabel: Initializing
[    0.556009] NetLabel:  domain hash size = 128
[    0.557698] NetLabel:  protocols = UNLABELED CIPSOv4 CALIPSO
[    0.560022] NetLabel:  unlabeled traffic allowed by default
[    0.564124] clocksource: Switched to clocksource kvm-clock
[    0.615370] VFS: Disk quotas dquot_6.6.0
[    0.618940] VFS: Dquot-cache hash table entries: 512 (order 0, 4096 bytes)
[    0.622421] AppArmor: AppArmor Filesystem Enabled
[    0.624653] pnp: Pn API init
[    .62446] pnp: PnP ACPI: found 3 devices

[    0.752424] clocksource: acpi_pm: mask: 0xffffff max_cycles: 0xffffff, max_idle_ns: 2085701024 ns
[    0.754826] NET: Registered protocol family 2
[    0.758436] TCP established hash table entries: 8192 (order: 4, 65536 bytes)
[    0.760778] TCP bind hash table entries: 8192 (order: 5, 131072 bytes)
[    0.762530] TCP: Hash tables configured (established 8192 bind 8192)
[    0.764385] UDP hash table entries: 512 (ordr: 2, 16384 bytes)
[    0.791584] UDP-Lite hash table entries: 512 (order: 2, 16384 bytes)
[    0.793549] NET: Registered protocol family 1
[    0.794956] pci 0000:00:00.0: Limiting direct PCI/PCI traners
[    0.847568] pci 0000:00:01.0: Activating ISA DMA hang workarounds
[    0.850125] pci 0000:00:02.0: Video device with shadowed ROM at [mem 0x000c0000-0x000dffff]
[    0.852576] Unpacking initramfs...

[    1.372498] Freeing initrd memory: 19668K
[    1.389868] clocksource: tsc: mask: 0xffffffffffffffff max_cycles: 0x172daa3a18b, max_idle_ns: 440795212390 ns
[    1.406764] platform rtc_cmos: registered platform RTC device (no PNP device found)
[    1.410061] Scanning for low memory corruption every 60 seconds
[    1.416033] Initialise system trusted keyrings
[    1.424860] Key type blacklist registered
[    1.427662] workingset: timestamp_bits=36 max_order=18 bucket_order=0
[    1.435103] zbud: loaded
[    1.445640] squashfs: version 4.0 (2009/01/31) Phillip Lougher
[    1.457033] fuse init (API version 7.26)
[    1.468431] Key type asymmetric registered
[    1.470117] Asymmetric key parser 'x509' registered
[    1.471842] Block layer SCSI generic (bsg) driver version 0.4 loaded (major 246)
[    1.508869] io scheduler noop registered
[    1.542784] io scheduler deadline registered
[    1.544076] io scheduler cfq registered (default)
[    1.566025] ACPI: AC Adapter [AC] (off-line)
[    1.607857] input: Power Button as /devices/LNXSYSTM:00/LNXPWRBN:00/input/input0
[    1.622458] ACPI: Power Button [PWRF]
[    1.638297] input: Sleep Button as /devices/LNXSYSTM:00/LNXSLPBN:00/input/input1
[    1.656070] ACPI: Sleep Button [SLPF]
[    1.659580] ACPI: Battery Slot [BAT0] (battery present)
[    1.660437] Serial: 8250/16550 driver, 32 ports, IRQ sharing enabled
[    1.722096] 00:02: ttyS0 at I/O 0x3f8 (irq = 4, base_baud = 115200) is a 16550A
[    1.729188] Linux agpgart interface v0.103
[    1.756683] loop: module loaded
[    1.761967] scsi host0: ata_piix
[    1.768593] scsi host1: ata_piix
[    1.770792] ata1: PATA max UDMA/33 cmd 0x1f0 ctl 0x3f6 bmdma 0xd000 irq 14
[    1.774928] ata2: PATA max UDMA/33 cmd 0x170 ctl 0x376 bmdma 0xd008 irq 15
[    1.785657] libphy: Fixed MDIO Bus: probed
[    1.789094] tun: Universal TUN/TAP device driver, 1.6
[    1.804582] PPP generic driver version 2.4.2
[    1.827294] ehci_hcd: USB 2.0 'Enhanced' Host Controller (EHCI) Driver
[    1.871155] ehci-pci: EHCI PCI platform driver
[    1.884515] ehci-platform: EHCI generic platform driver
[    1.918252] ohci_hcd: USB 1.1 'Open' Host Controller (OHCI) Driver
[    1.936906] ohci-pci: OHCI PCI platform driver
[    1.960346] ohci-platform: OHCI generic platform driver
[    1.972168] uhci_hcd: USB Universal Host Controller Interface driver
[    1.973969] i8042: PNP: PS/2 Controller [PNP0303:PS2K,PNP0f03:PS2M] at 0x60,0x64 irq 1,12
[    1.977213] serio: i8042 KBD port at 0x60,0x64 irq 1
[    1.996617] serio: i8042 AUX port at 0x60,0x64 irq 12
[    2.004807] mousedev: PS/2 mouse device common for all mice
[    2.006559] input: AT Translated Set 2 keyboard as /devices/platform/i8042/serio0/input/input2
[    2.021076] rtc_cmos rtc_cmos: rtc core: registered rtc_cmos as rtc0
[    2.029770] rtc_cmos rtc_cmos: alarms up to one day, 114 bytes nvram
[    2.060208] i2c /dev entries driver
[    2.082550] device-mapper: uevent: version 1.0.3
[    2.091579] device-mapper: ioctl: 4.37.0-ioctl (2017-09-20) initialised: dm-devel@redhat.com
[    2.094221] ledtrig-cpu: registered to indicate activity on CPUs
[    2.123717] NET: Registered protocol family 10
[    2.149627] Segment Routing with IPv6
[    2.159385] NET: Registered protocol family 17
[    2.198974] Key type dns_resolver registered
[    2.239891] RAS: Correctable Errors collector initialized.
[    2.347966] sched_clock: Marking stable (2347912994, 0)->(7293160269, -4945247275)
[    2.360325] registered taskstats version 1
[    2.382839] Loading compiled-in X.509 certificates
[    2.435360] Loaded X.509 cert 'Build time autogenerated kernel key: e343dd3e31c9820cf0adf0156bc2eecdcfc394af'
[    2.505946] zswap: loaded using pool lzo/zbud
[    2.517193] Key type big_key registered
[    2.518551] Key type trusted registered
[    2.523032] Key type encrypted registered
[    2.530834] AppArmor: AppArmor sha1 policy hashing enabled
[    2.532339] ima: No TPM chip found, activating TPM-bypass! (rc=-19)
[    2.534509] ima: Allocated hash algorithm: sha1
[    2.536167] evm: HMAC attrs: 0x1
[    2.537732]   Magic number: 15:203:303
[    2.539056] tty tty32: hash matches
[    2.540461] rtc_cmos rtc_cmos: setting system clock to 2019-08-27 23:16:08 UTC (1566947768)
[    2.544522] BIOS EDD facility v0.16 2004-Jun-25, 0 devices found
[    2.547170] EDD information not available.
[    2.557377] Freeing unused kernel image memory: 2424K
[    2.627748] Write protecting the kernel read-only data: 20480k
[    2.631181] Freeing unused kernel image memory: 2008K
[    2.641265] Freeing unused kernel image memory: 1864K
[    2.661577] x86/mm: Checked W+X mappings: passed, no W+X pages found.
[    2.664492] x86/mm: Checking user space page tables
[    2.678389] x86/mm: Checked W+X mappings: passed, no W+X pages found.
Loading, please wait...
starting version 237
[    2.904870] Fusion MPT base driver 3.04.20
[    2.917563] Copyright (c) 1999-2008 LSI Corporation
[    2.928091] e1000: Intel(R) PRO/1000 Network Driver - version 7.3.21-k8-NAPI
[    2.938437] e1000: Copyright (c) 1999-2006 Intel Corporation.
[    2.978646] AVX2 version of gcm_enc/dec engaged.
[    2.992840] AES CTR mode by8 optimization enabled
[    3.018817] Fusion MPT SPI Host driver 3.04.20
[    3.128601] input: ImExPS/2 Generic Explorer Mouse as /devices/platform/i8042/serio1/input/input4
[    3.503013] e1000 0000:00:03.0 eth0: (PCI:33MHz:32-bit) 02:8e:15:2e:ea:07
[    3.528364] e1000 0000:00:03.0 eth0: Intel(R) PRO/1000 Network Connection
[    3.553588] mptbase: ioc0: Initiating bringup
[    3.682228] ioc0: LSI53C1030 A0: Capabilities={Initiator}
[    3.931191] scsi host2: ioc0: LSI53C1030 A0, FwRev=00000000h, Ports=1, MaxQ=256, IRQ=20
[    4.138092] scsi 2:0:0:0: Direct-Access     VBOX     HARDDISK         1.0  PQ: 0 ANSI: 5
[    4.560095] scsi target2:0:0: Beginning Domain Validation
[    4.563806] scsi target2:0:0: Domain Validation skipping write tests
[    4.567540] scsi target2:0:0: Ending Domain Validation
[    4.570110] scsi target2:0:0: asynchronous
[    4.572027] scsi 2:0:1:0: Direct-Access     VBOX     HARDDISK         1.0  PQ: 0 ANSI: 5
[    4.656660] scsi target2:0:1: Beginning Domain Validation
[    4.660456] random: fast init done
[    4.670538] scsi target2:0:1: Domain Validation skipping write tests
[    4.672635] scsi target2:0:1: Ending Domain Validation
[    4.674295] scsi target2:0:1: asynchronous
[    4.677356] random: systemd-udevd: uninitialized urandom read (16 bytes read)
[    4.677391] e1000 0000:00:08.0 eth1: (PCI:33MHz:32-bit) 08:00:27:8a:b1:d6
[    4.689788] random: systemd-udevd: uninitialized urandom read (16 bytes read)
[    4.699142] e1000 0000:00:08.0 eth1: Intel(R) PRO/1000 Network Connection
[    4.710163] random: systemd-udevd: uninitialized urandom read (16 bytes read)
[    4.735493] e1000 0000:00:03.0 enp0s3: renamed from eth0
[    4.749376] sd 2:0:0:0: Attached scsi generic sg0 type 0
[    4.753147] sd 2:0:0:0: [sda] 20971520 512-byte logical blocks: (10.7 GB/10.0 GiB)
[    4.753190] sd 2:0:1:0: Attached scsi generic sg1 type 0
[    4.757221] sd 2:0:0:0: [sda] Write Protect is off
[    4.757975] sd 2:0:1:0: [sdb] 20480 512-byte logical blocks: (10.5 MB/10.0 MiB)
[    4.764979] sd 2:0:1:0: [sdb] Write Protect is off
[    4.767013] sd 2:0:1:0: [sdb] Incomplete mode parameter data
[    4.768602] sd 2:0:1:0: [sdb] Assuming drive cache: write through
[    4.771060] sd 2:0:0:0: [sda] Incomplete mode parameter data
[    4.778363] sd 2:0:0:0: [sda] Assuming drive cache: write through
[    4.782722] sd 2:0:1:0: [sdb] Attached SCSI disk
[    4.789619] e1000 0000:00:08.0 enp0s8: renamed from eth1
[    4.790827]  sda: sda1
[    4.814269] sd 2:0:0:0: [sda] Attached SCSI disk
Begin: Loading essential drivers ... [    6.884934] raid6: sse2x1   gen()  5712 MB/s
[    6.932403] raid6: sse2x1   xor()  2645 MB/s
[    7.000216] raid6: sse2x2   gen()  2545 MB/s
[    7.052596] raid6: sse2x2   xor()  4763 MB/s
[    7.100214] raid6: sse2x4   gen()  1479 MB/s
[    7.156587] raid6: sse2x4   xor()  2295 MB/s
[    7.212162] raid6: avx2x1   gen()  4237 MB/s
[    7.265801] raid6: avx2x1   xor()  5562 MB/s
[    7.317303] raid6: avx2x2   gen() 10345 MB/s
[    7.376261] raid6: avx2x2   xor()  5312 MB/s
[    7.424585] raid6: avx2x4   gen() 10010 MB/s
[    7.472230] raid6: avx2x4   xor()  6214 MB/s
[    7.474143] raid6: using algorithm avx2x2 gen() 10345 MB/s
[    7.477689] raid6: .... xor() 5312 MB/s, rmw enabled
[    7.482974] raid6: using avx2x2 recovery algorithm
[    7.500568] xor: automatically using best checksumming function   avx       
[    7.521509] async_tx: api initialized (async)
done.
Begin: Running /scripts/init-premount ... done.
Begin: Mounting root file system ... Begin: Running /scripts/local-top ... done.
Begin: Running /scripts/local-premount ... [    7.664096] Btrfs loaded, crc32c=crc32c-intel
Scanning for Btrfs filesystems
done.
Warning: fsck not present, so skipping root file system
[    7.885634] EXT4-fs (sda1): mounted filesystem with ordered data mode. Opts: (null)
done.
Begin: Running /scripts/local-bottom ... done.
Begin: Running /scripts/init-bottom ... done.
[    8.383871] ip_tables: (C) 2000-2006 Netfilter Core Team
[    8.408983] systemd[1]: systemd 237 running in system mode. (+PAM +AUDIT +SELINUX +IMA +APPARMOR +SMACK +SYSVINIT +UTMP +LIBCRYPTSETUP +GCRYPT +GNUTLS +ACL +XZ +LZ4 +SECCOMP +BLKID +ELFUTILS +KMOD -IDN2 +IDN -PCRE2 default-hierarchy=hybrid)
[    8.433957] systemd[1]: Detected virtualization oracle.
[    8.452175] systemd[1]: Detected architecture x86-64.

Welcome to [1mUbuntu 18.04.2 LTS[0m!

[    8.479423] systemd[1]: Set hostname to <ubuntu-bionic>.
[    8.960901] systemd[1]: Set up automount Arbitrary Executable File Formats File System Automount Point.
[[0;32m  OK  [0m] Set up automount Arbitrary Executabâ€¦rmats File System Automount Point.
[    8.987150] systemd[1]: Reached target System Time Synchronized.
[[0;32m  OK  [0m] Reached target System Time Synchronized.
[    9.005146] systemd[1]: Reached target Swap.
[[0;32m  OK  [0m] Reached target Swap.
[    9.053420] systemd[1]: Created slice System Slice.
[[0;32m  OK  [0m] Created slice System Slice.
[    9.077289] systemd[1]: Listening on LVM2 metadata daemon socket.
[[0;32m  OK  [0m] Listening on LVM2 metadata daemon socket.
[    9.108442] systemd[1]: Listening on Journal Socket (/dev/log).
[[0;32m  OK  [0m] Listening on Journal Socket (/dev/log).
[[0;32m  OK  [0m] Listening on udev Kernel Socket.
[[0;32m  OK  [0m] Created slice system-serial\x2dgetty.slice.
[[0;32m  OK  [0m] Listening on udev Control Socket.
[[0;32m  OK  [0m] Listening on Journal Socket.
         Starting Uncomplicated firewall...
         Starting Load Kernel Modules...
         Starting Set the console keyboard layout...
         [    9.194435] Loading iSCSI transport class v2.0-870.
Mounting POSIX Message Queue File System...
         Starting udev Coldplug all Devices...
[[0;32m  OK  [0m] Listening on Journal Audit Socket.[    9.245992] iscsi: registered transport (tcp)

[[0;32m  OK  [0m] Created slice User and Session Slice.
[[0;32m  OK  [0m] Reached target Slices.
[[0;32m  OK  [0m] Listening on Syslog Socket.
         Starting Remount Root and Kernel File Systems...
[[0;32m  OK  [0m] Listening on Network Service Netlink Socket.
         Mounting Kernel Debug File System...
[[0;32m  OK  [0[    9.272382] iscsi: registered transport (iser)
m] Started Forward Password Requests to Wall Directory Watch.
[[0;32m  OK  [0m] Listening on LVM2 poll daemo[    9.336741] EXT4-fs (sda1): re-mounted. Opts: (null)
n socket.
         Starting Journal Service...
[[0;32m  OK  [0m] Reached target User and Group Name Lookups.
         Starting Create list of required stâ€¦ce nodes for the current kernel...
[[0;32m  OK  [0m] Listening on /dev/initctl Compatibility Named Pipe.
[[0;32m  OK  [0m] Listening on Device-mapper event daemon FIFOs.
         Starting Monitoring of LVM2 mirrorsâ€¦ng dmeventd or progress polling...
         Mounting Huge Pages File System...
[[0;32m  OK  [0m] Started Uncomplicated firewall.
[[0;32m  OK  [0m] Started Load Kernel Modules.
[[0;32m  OK  [0m] Mounted POSIX Message Queue File System.
[[0;32m  OK  [0m] Started Remount Root and Kernel File Systems.
[[0;32m  OK  [0m] Mounted Kernel Debug File System.
[[0;32m  OK  [0m] Started Create list of required staâ€¦vice nodes for the current kernel.
[[0;32m  OK  [0m] Mounted Huge Pages File System.
[[0;32m  OK  [0m] Started Set the console keyboard layout.
[[0;32m  OK  [0m] Started LVM2 metadata daemon.
         Starting Create Static Device Nodes in /dev...
         Starting Load/Save Random Seed...
         Starting Apply Kernel Variables...
         Mounting Kernel Configu[    9.554880] random: crng init done
ration File Syst[    9.561468] random: 7 urandom warning(s) missed due to ratelimiting
em...
         Mounting FUSE Control File System...
[[0;32m  OK  [0m] Started Journal Service.
[[0;32m  OK  [0m] Started Monitoring of LVM2 mirrors,â€¦sing dmeventd or progress polling.
[[0;32m  OK  [0m] Started udev Coldplug all Devices.
[[0;32m  OK  [0m] Started Create Static Device Nodes in /dev.
[[0;32m  OK  [0m] Started Load/Save Random Seed.
[[0;32m  OK  [0m] Started Apply Kernel Variables.
[[0;32m  OK  [0m] Mounted Kernel Configuration File System.
[[0;32m  OK  [0m] Mounted FUSE Control File System.
         Starting udev Kernel Device Manager...
[[0;32m  OK  [0m] Reached target Local File Systems (Pre).
[[0;32m  OK  [0m] Reached target Local File Systems.
         Starting AppArmor initialization...
         Starting ebtables ruleset management...
         Starting Tell Plymouth To Write Out Runtime Data...
         Starting Set console font and keymap...
         Starting Flush Journal to Persistent Storage...
[[0;32m  OK  [0m] Started udev Kernel Device Manager.
[[0;32m  OK  [0m] Started Tell Plymouth To Write Out Runtime Data.
[[0;32m  OK  [0m] Started Set console font and keymap.
[[0;32m  OK  [0m] Started Dispatch Password Requests to Console Directory Watch.
[[0;32m  OK  [0m] Reached target Local Encrypted Volumes.
[[0;32m  OK  [0m] Started ebtables ruleset management.
[[0;32m  OK  [0m] Started Flush Journal to Persistent Storage.
         Starting Create Volatile Files and Directories...
[[0;32m  OK  [0m] Started Create Volatile Files and Directories.
         Starting Update UTMP about System Boot/Shutdown...
[[0;32m  OK  [0m] Started Update UTMP about System Boot/Shutdown.
[[0;32m  OK  [0m] Found device /dev/ttyS0.
[[0;32m  OK  [0m] Started AppArmor initialization.
         Starting Initial cloud-init job (pre-networking)...
[[0;32m  OK  [0m] Listening on Load/Save RF Kill Switch Status /dev/rfkill Watch.
[   13.175701] cloud-init[535]: Cloud-init v. 19.1-1-gbaa47854-0ubuntu1~18.04.1 running 'init-local' at Tue, 27 Aug 2019 23:16:18 +0000. Up 12.90 seconds.
[[0;32m  OK  [0m] Started Initial cloud-init job (pre-networking).
[[0;32m  OK  [0m] Reached target Network (Pre).
         Starting Network Service...
[[0;32m  OK  [0m] Started Network Service.
         Starting Wait for Network to be Configured...
         Starting Network Name Resolution...
[[0;32m  OK  [0m] Started Network Name Resolution.
[[0;32m  OK  [0m] Reached target Host and Network Name Lookups.
[[0;32m  OK  [0m] Reached target Network.
[[0;32m  OK  [0m] Started Wait for Network to be Configured.
         Starting Initial cloud-init job (metadata service crawler)...
[   15.546949] cloud-init[711]: Cloud-init v. 19.1-1-gbaa47854-0ubuntu1~18.04.1 running 'init' at Tue, 27 Aug 2019 23:16:21 +0000. Up 15.36 seconds.
[   15.586475] cloud-init[711]: ci-info: ++++++++++++++++++++++++++++++++++++++Net device info+++++++++++++++++++++++++++++++++++++++
[   15.640918] cloud-init[711]: ci-info: +--------+------+-----------------------------+---------------+--------+-------------------+
[   15.737992] cloud-init[711]: ci-info: | Device |  Up  |           Address           |      Mask     | Scope  |     Hw-Address    |
[   15.808599] cloud-init[711]: ci-info: +--------+------+-----------------------------+---------------+--------+-------------------+
[   15.863294] cloud-init[711]: ci-info: | enp0s3 | True |          10.0.2.15          | 255.255.255.0 | global | 02:8e:15:2e:ea:07 |
[   15.876324] cloud-init[711]: ci-info: | enp0s3 | True |  fe80::8e:15ff:fe2e:ea07/64 |       .       |  link  | 02:8e:15:2e:ea:07 |
[   15.918151] cloud-init[711]: ci-info: | enp0s8 | True |        192.168.33.10        | 255.255.255.0 | global | 08:00:27:8a:b1:d6 |
[   15.925199] cloud-init[711]: ci-info: | enp0s8 | True | fe80::a00:27ff:fe8a:b1d6/64 |       .       |  link  | 08:00:27:8a:b1:d6 |
[   15.933513] cloud-init[711]: ci-info: |   lo   | True |          127.0.0.1          |   255.0.0.0   |  host  |         .         |
[   15.937987] cloud-init[711]: ci-info: |   lo   | True |           ::1/128           |       .       |  host  |         .         |
[   15.956196] cloud-init[711]: ci-info: +--------+------+-----------------------------+---------------+--------+-------------------+
[   15.982653] cloud-init[711]: ci-info: +++++++++++++++++++++++++++++Route IPv4 info+++++++++++++++++++++++++++++
[   16.021125] cloud-init[711]: ci-info: +-------+--------------+----------+-----------------+-----------+-------+
[   16.057778] cloud-init[711]: ci-info: | Route | Destination  | Gateway  |     Genmask     | Interface | Flags |
[   16.070449] cloud-init[711]: ci-info: +-------+--------------+----------+-----------------+-----------+-------+
[   16.084117] cloud-init[711]: ci-info: |   0   |   0.0.0.0    | 10.0.2.2 |     0.0.0.0     |   enp0s3  |   UG  |
[   16.117258] cloud-init[711]: ci-info: |   1   |   10.0.2.0   | 0.0.0.0  |  255.255.255.0  |   enp0s3  |   U   |
[[0;32m  OK  [0m] Started Initial cloud-init job (metadata service crawler).
[   16.122019] cloud-init[711]: ci-info: |   2   |   10.0.2.2   | 0.0.0.0  | 255.255.255.255 |   enp0s3  |   UH  |
[   16.168708] cloud-init[711]: ci-info: |   3   | 192.168.33.0 | 0.0.0.0  |  255.255.255.0  |   enp0s8  |   U   |
[[0;32m  OK  [0m] Reached target Network is Online.
[   16.241742] cloud-init[711]: ci-info: +-------+--------------+----------+-----------------+-----------+-------+
         Starting Availability of block devices...
[   16.293377] [[0;32m  OK  [0m] Reached target Remote File Systems (Pre).
[[0;32m  OK  [0m] Reached target Remote File Systems.
[[0;32m  OK  [0m] Reached target System Initialization.
[[0;32m  OK  [0m] Started Daily Cleanup of Temporary Directories.
cloud-init[711]: ci-info: +++++++++++++++++++Route IPv6 info+++++++++++++++++++
[[0;32m  OK  [0m] Started ACPI Events Check.
[[0;32m  OK  [0m] Listening on UUID daemon activation socket.
[[0;32m  OK  [0m] Listening on Open-iSCSI iscsid Socket.
[   16.324233] cloud-init[711]: ci-info: +-------+-------------+---------+-----------+-------+
[[   16.347167] cloud-init[711]: ci-info: | Route | Destination | Gateway | Interface | Flags |
[0;32m  OK  [0m] Listening on D-Bus System Message Bus Socket.
[   16.347958] cloud-init[711]: ci-info: +-------+-------------+---------+-----------+-------+
[[   16.374300] cloud-init[711]: ci-info: |   1   |  fe80::/64  |    ::   |   enp0s8  |   U   |
[   16.375423] cloud-init[711]: ci-info: |   2   |  fe80::/64  |    ::   |   enp0s3  |   U   |
[0;32m  OK  [0m] Started Message of the Day.
[   16.385028] cloud-init[711]: ci-info: |   4   |    local    |    ::   |   enp0s3  |   U   |
[[0;32m  OK  [0m[   16.553560] ] cloud-initListening on ACPID Listen Socket.[711]: 
ci-info: |   5   |    local    |    ::   |   enp0s8  |   U   |
[   16.554996] cloud-init[711]: ci-info: |   6   |   ff00::/8  |    ::   |   enp0s8  |   U   |
[[0;32m  OK  [0m] Reached target Paths.
[   16.578622] cloud-init[711]: ci-info: |   7   |   ff00::/8  |    ::   |   enp0s3  |   U   |
[   16.697217] cloud-init[711]: ci-info: +-------+-------------+---------+-----------+-------+
[[0;32m  OK  [0m] Started Daily apt download activities.
         Starting Socket activation for snappy daemon.
[[0;32m  OK  [0m] Started Discard unused blocks once a week.
         Starting LXD - unix socket.
[[0;32m  OK  [0m] Started Daily apt upgrade and clean activities.
[[0;32m  OK  [0m] Reached target Timers.
[[0;32m  OK  [0m] Reached target Cloud-config availability.
[[0;32m  OK  [0m] Started Availability of block devices.
[[0;32m  OK  [0m] Listening on Socket activation for snappy daemon.
[[0;32m  OK  [0m] Listening on LXD - unix socket.
[[0;32m  OK  [0m] Reached target Sockets.
[[0;32m  OK  [0m] Reached target Basic System.
         Starting Dispatcher daemon for systemd-networkd...
         Starting System Logging Service...
         Starting Accounts Service...
[[0;32m  OK  [0m] Started FUSE filesystem for LXC.
         Starting LSB: automatic crash report generation...
         Starting Login Service...
[[0;32m  OK  [0m] Started Regular background program processing daemon.
         Starting OpenBSD Secure Shell server...
         Starting LSB: Record successful boot for GRUB...
[[0;32m  OK  [0m] Started Deferred execution scheduler.
         Starting Permit User Sessions...
         Starting vboxadd.service...
[[0;32m  OK  [0m] Started D-Bus System Message Bus.
[[0;32m  OK  [0m] Started Login Service.
[[0;32m  OK  [0m] Started Unattended Upgrades Shutdown.
         Starting LXD - container startup/shutdown...
[[0;32m  OK  [0m] Started irqbalance daemon.
         Starting Snappy daemon...
[[0;32m  OK  [0m] Started System Logging Service.
[[0;32m  OK  [0m] Started Permit User Sessions.
[[0;32m  OK  [0m] Started OpenBSD Secure Shell server.
         Starting Authorization Manager...
         Starting Hold until boot process finishes up...
         Starting Terminate Plymouth Boot Screen...
[[0;32m  OK  [0m] Started Hold until boot process finishes up.
[[0;32m  OK  [0m] Started Terminate Plymouth Boot Screen.
[[0;32m  OK  [0m] Started Serial Getty on ttyS0.
         Starting Set console scheme...
[[0;32m  OK  [0m] Started Set console scheme.
[[0;32m  OK  [0m] Created slice system-getty.slice.
[[0;32m  OK  [0m] Started Getty on tty1.
[[0;32m  OK  [0m] Reached target Login Prompts.
[[0;32m  OK  [0m] Started LSB: automatic crash report generation.
[[0;32m  OK  [0m] Started Authorization Manager.
[[0;32m  OK  [0m] Started Accounts Service.
[[0;32m  OK  [0m] Started LSB: Record successful boot for GRUB.
[[0;32m  OK  [0m] Created slice User Slice of vagrant.
[[0;32m  OK  [0m] Started LXD - container startup/shutdown.
[[0;32m  OK  [0m] Started Session 1 of user vagrant.
         Starting User Manager for UID 1000...
[[0;32m  OK  [0m] Started Dispatcher daemon for systemd-networkd.
[[0;32m  OK  [0m] Started Snappy daemon.
         Starting Wait until snapd is fully seeded...
[[0;32m  OK  [0m] Started vboxadd.service.
[[0;32m  OK  [0m] Started Wait until snapd is fully seeded.
         Starting Apply the settings specified in cloud-config...
         Starting vboxadd-service.service...
[[0;32m  OK  [0m] Started vboxadd-service.service.
[[0;32m  OK  [0m] Reached target Multi-User System.
[[0;32m  OK  [0m] Reached target Graphical Interface.
         Starting Update UTMP about System Runlevel Changes...
[[0;32m  OK  [0m] Started User Manager for UID 1000.
[[0;32m  OK  [0m] Started Update UTMP about System Runlevel Changes.
[   19.665939] cloud-init[1124]: Cloud-init v. 19.1-1-gbaa47854-0ubuntu1~18.04.1 running 'modules:config' at Tue, 27 Aug 2019 23:16:25 +0000. Up 19.31 seconds.
[[0;32m  OK  [0m] Started Apply the settings specified in cloud-config.
         Starting Execute cloud user/final scripts...
[   20.370124] cloud-init[1218]: Cloud-init v. 19.1-1-gbaa47854-0ubuntu1~18.04.1 running 'modules:final' at Tue, 27 Aug 2019 23:16:26 +0000. Up 20.21 seconds.
[   20.383415] cloud-init[1218]: Cloud-init v. 19.1-1-gbaa47854-0ubuntu1~18.04.1 finished at Tue, 27 Aug 2019 23:16:26 +0000. Datasource DataSourceNoCloud [seed=/dev/sdb][dsmode=net].  Up 20.35 seconds
[[0;32m  OK  [0m] Started Execute cloud user/final scripts.
[[0;32m  OK  [0m] Reached target Cloud-init target.

Ubuntu 18.04.2 LTS ubuntu-bionic ttyS0

ubuntu-bionic login: 